Warning: can't find the initialization file spinit.

Note: ngspice start command line:
 /home/ZhangLexin/PALS/release/src/ngspice -b -o results/candidates/asap5_v107_fixed_20260904/lrsd_1e-9.log results/candidates/asap5_v107_fixed_20260904/lrsd_1e-9.cir


Note: No compatibility mode selected!

max line length 1502, max subst. per line 0, number of lines 111

Circuit: * asap5 lrsd scan 1e-9

Doing analysis at TEMP = 27.000000 and TNOM = 27.000000

OSDI(debug) nn0: Fatal: DROUT_i = 0.000000e+00 is non-positive.
OSDI(debug) np0: Fatal: DROUT_i = 0.000000e+00 is non-positive.
Using SPARSE 1.3 as Direct Linear Solver
OSDI(debug) nn0: Fatal: DROUT_i = 0.000000e+00 is non-positive.
OSDI(debug) np0: Fatal: DROUT_i = 0.000000e+00 is non-positive.

No. of Data Rows : 1
v(out) = 2.368498e-01
Doing analysis at TEMP = 27.000000 and TNOM = 27.000000

OSDI(debug) nn0: Fatal: DROUT_i = 0.000000e+00 is non-positive.
OSDI(debug) np0: Fatal: DROUT_i = 0.000000e+00 is non-positive.
Using SPARSE 1.3 as Direct Linear Solver
OSDI(debug) nn0: Fatal: DROUT_i = 0.000000e+00 is non-positive.
OSDI(debug) np0: Fatal: DROUT_i = 0.000000e+00 is non-positive.

No. of Data Rows : 8
                             * asap5 lrsd scan 1e-9
                             DC transfer characteristic  Fri Sep  4 14:08:00  2026
--------------------------------------------------------------------------------
Index   v-sweep         v(in)           v(out)          
--------------------------------------------------------------------------------
0	0.000000e+00	0.000000e+00	2.368498e-01	
1	1.000000e-01	1.000000e-01	3.239504e-01	
2	2.000000e-01	2.000000e-01	4.086220e-01	
3	3.000000e-01	3.000000e-01	4.510890e-01	
4	4.000000e-01	4.000000e-01	4.484820e-01	
5	5.000000e-01	5.000000e-01	4.356417e-01	
6	6.000000e-01	6.000000e-01	4.139139e-01	
7	7.000000e-01	7.000000e-01	3.797624e-01	
ngspice-44+ done
