Warning: can't find the initialization file spinit.

Note: ngspice start command line:
 /home/ZhangLexin/PALS/release/src/ngspice -b -o results/candidates/freepdk3_v108_20260904/type01_pmos.log results/candidates/freepdk3_v108_20260904/type01_pmos.cir


Note: No compatibility mode selected!

max line length 1226, max subst. per line 0, number of lines 44

Circuit: * freepdk3 no-prwg pmos gate

Doing analysis at TEMP = 27.000000 and TNOM = 27.000000

Using SPARSE 1.3 as Direct Linear Solver

No. of Data Rows : 1
Doing analysis at TEMP = 27.000000 and TNOM = 27.000000

Using SPARSE 1.3 as Direct Linear Solver

No. of Data Rows : 8
                          * freepdk3 no-prwg pmos gate
                          DC transfer characteristic  Fri Sep  4 14:44:24  2026
--------------------------------------------------------------------------------
Index   v-sweep         v(g)            i(vsrc)         
--------------------------------------------------------------------------------
0	7.000000e-01	7.000000e-01	-1.34253e-09	
1	6.000000e-01	6.000000e-01	-3.17028e-08	
2	5.000000e-01	5.000000e-01	-5.03846e-07	
3	4.000000e-01	4.000000e-01	-2.42875e-06	
4	3.000000e-01	3.000000e-01	-5.55547e-06	
5	2.000000e-01	2.000000e-01	-9.39353e-06	
6	1.000000e-01	1.000000e-01	-1.36367e-05	
7	1.387779e-16	1.387779e-16	-1.80869e-05	
ngspice-44+ done
