Warning: can't find the initialization file spinit.

Note: ngspice start command line:
 /home/ZhangLexin/PALS/release/src/ngspice -b -o results/candidates/freepdk3_v108_20260904/type01_inverter_slow.log results/candidates/freepdk3_v108_20260904/type01_inverter_slow.cir


Note: No compatibility mode selected!

max line length 1226, max subst. per line 0, number of lines 51

Circuit: * freepdk3 no-prwg slow inverter gate

Doing analysis at TEMP = 27.000000 and TNOM = 27.000000

Using SPARSE 1.3 as Direct Linear Solver

No. of Data Rows : 1
Doing analysis at TEMP = 27.000000 and TNOM = 27.000000

Using SPARSE 1.3 as Direct Linear Solver

No. of Data Rows : 8
                     * freepdk3 no-prwg slow inverter gate
                     DC transfer characteristic  Fri Sep  4 14:44:24  2026
--------------------------------------------------------------------------------
Index   v-sweep         v(in)           v(out)          
--------------------------------------------------------------------------------
0	0.000000e+00	0.000000e+00	6.999606e-01	
1	1.000000e-01	1.000000e-01	6.989948e-01	
2	2.000000e-01	2.000000e-01	6.808540e-01	
3	3.000000e-01	3.000000e-01	4.413982e-02	
4	4.000000e-01	4.000000e-01	8.053090e-03	
5	5.000000e-01	5.000000e-01	1.346771e-03	
6	6.000000e-01	6.000000e-01	7.652719e-05	
7	7.000000e-01	7.000000e-01	3.119499e-06	
Doing analysis at TEMP = 27.000000 and TNOM = 27.000000

Using SPARSE 1.3 as Direct Linear Solver

Initial Transient Solution
--------------------------

Node                                   Voltage
----                                   -------
vdd                                        0.7
in                                           0
out                                   0.699961
vin#branch                                   0
vdd#branch                        -5.16627e-09


No. of Data Rows : 432
vout_input_low_1    =  6.999606e-01
vout_input_high_1   =  3.497002e-06
vout_input_low_2    =  6.890676e-01
vout_input_high_2   =  3.496993e-06
ngspice-44+ done
