Warning: can't find the initialization file spinit.

Note: ngspice start command line:
 /home/ZhangLexin/PALS/release/src/ngspice -b -o results/candidates/sccad3_osdi_gate_20260904/front_nmos_clean.log results/candidates/sccad3_osdi_gate_20260904/front_nmos_clean.cir


Note: No compatibility mode selected!

max line length 1364, max subst. per line 0, number of lines 27

Circuit: * sccad 3nm nmos gate

Warning: Model issue on line 11 :
  .model nmos_lvt bsimcmg_va bulkmod=1 geomod=2 capmod=1 coremod=0 cgeomod ...
unrecognized parameter (capmod) - ignored
unrecognized parameter (coremod) - ignored

Doing analysis at TEMP = 27.000000 and TNOM = 27.000000

OSDI(debug) nn0: Warning: PDIBL2_i = -5.000000e-02 is negative.
OSDI(debug) nn0: Warning: PTWG_i = -1.185173e+01 is negative, setting it to 0.
Using SPARSE 1.3 as Direct Linear Solver
OSDI(debug) nn0: Warning: PDIBL2_i = -5.000000e-02 is negative.
OSDI(debug) nn0: Warning: PTWG_i = -1.185173e+01 is negative, setting it to 0.

No. of Data Rows : 1
Doing analysis at TEMP = 27.000000 and TNOM = 27.000000

OSDI(debug) nn0: Warning: PDIBL2_i = -5.000000e-02 is negative.
OSDI(debug) nn0: Warning: PTWG_i = -1.185173e+01 is negative, setting it to 0.
Using SPARSE 1.3 as Direct Linear Solver
OSDI(debug) nn0: Warning: PDIBL2_i = -5.000000e-02 is negative.
OSDI(debug) nn0: Warning: PTWG_i = -1.185173e+01 is negative, setting it to 0.

No. of Data Rows : 8
                             * sccad 3nm nmos gate
                             DC transfer characteristic  Fri Sep  4 21:23:04  2026
--------------------------------------------------------------------------------
Index   v-sweep         v(g)            i(vd)           
--------------------------------------------------------------------------------
0	0.000000e+00	0.000000e+00	-6.82121e-12	
1	1.000000e-01	1.000000e-01	-3.47882e-10	
2	2.000000e-01	2.000000e-01	-2.62653e-08	
3	3.000000e-01	3.000000e-01	-1.28118e-06	
4	4.000000e-01	4.000000e-01	-1.10773e-05	
5	5.000000e-01	5.000000e-01	-2.52389e-05	
6	6.000000e-01	6.000000e-01	-4.22133e-05	
7	7.000000e-01	7.000000e-01	-6.31080e-05	
ngspice-44+ done
