Warning: can't find the initialization file spinit.

Note: ngspice start command line:
 /home/ZhangLexin/PALS/release/src/ngspice -b -o results/candidates/sccad3_osdi_gate_20260904/front_inverter_clean.log results/candidates/sccad3_osdi_gate_20260904/front_inverter_clean.cir


Note: No compatibility mode selected!

max line length 1364, max subst. per line 0, number of lines 34

Circuit: * sccad 3nm inverter gate

Warning: Model issue on line 11 :
  .model nmos_lvt bsimcmg_va bulkmod=1 geomod=2 capmod=1 coremod=0 cgeomod ...
unrecognized parameter (capmod) - ignored
unrecognized parameter (coremod) - ignored

Warning: Model issue on line 68 :
  .model pmos_lvt bsimcmg_va bulkmod=1 geomod=2 capmod=1 coremod=0 cgeomod ...
unrecognized parameter (capmod) - ignored
unrecognized parameter (coremod) - ignored

Doing analysis at TEMP = 27.000000 and TNOM = 27.000000

OSDI(debug) nn0: Warning: PDIBL2_i = -5.000000e-02 is negative.
OSDI(debug) nn0: Warning: PTWG_i = -1.185173e+01 is negative, setting it to 0.
OSDI(debug) np0: Warning: PDIBL2_i = -1.640818e-01 is negative.
OSDI(debug) np0: Warning: MEXP_i = 1.194201e+00 < 2. Setting MEXP_i = 2.
Using SPARSE 1.3 as Direct Linear Solver
OSDI(debug) nn0: Warning: PDIBL2_i = -5.000000e-02 is negative.
OSDI(debug) nn0: Warning: PTWG_i = -1.185173e+01 is negative, setting it to 0.
OSDI(debug) np0: Warning: PDIBL2_i = -1.640818e-01 is negative.
OSDI(debug) np0: Warning: MEXP_i = 1.194201e+00 < 2. Setting MEXP_i = 2.

No. of Data Rows : 1
Doing analysis at TEMP = 27.000000 and TNOM = 27.000000

OSDI(debug) nn0: Warning: PDIBL2_i = -5.000000e-02 is negative.
OSDI(debug) nn0: Warning: PTWG_i = -1.185173e+01 is negative, setting it to 0.
OSDI(debug) np0: Warning: PDIBL2_i = -1.640818e-01 is negative.
OSDI(debug) np0: Warning: MEXP_i = 1.194201e+00 < 2. Setting MEXP_i = 2.
Using SPARSE 1.3 as Direct Linear Solver
OSDI(debug) nn0: Warning: PDIBL2_i = -5.000000e-02 is negative.
OSDI(debug) nn0: Warning: PTWG_i = -1.185173e+01 is negative, setting it to 0.
OSDI(debug) np0: Warning: PDIBL2_i = -1.640818e-01 is negative.
OSDI(debug) np0: Warning: MEXP_i = 1.194201e+00 < 2. Setting MEXP_i = 2.

No. of Data Rows : 8
                           * sccad 3nm inverter gate
                           DC transfer characteristic  Fri Sep  4 21:23:04  2026
--------------------------------------------------------------------------------
Index   v-sweep         v(in)           v(out)          
--------------------------------------------------------------------------------
0	0.000000e+00	0.000000e+00	7.000002e-01	
1	1.000000e-01	1.000000e-01	6.999983e-01	
2	2.000000e-01	2.000000e-01	6.998390e-01	
3	3.000000e-01	3.000000e-01	6.862102e-01	
4	4.000000e-01	4.000000e-01	4.639892e-03	
5	5.000000e-01	5.000000e-01	9.121464e-05	
6	6.000000e-01	6.000000e-01	1.424904e-06	
7	7.000000e-01	7.000000e-01	2.653166e-08	
Doing analysis at TEMP = 27.000000 and TNOM = 27.000000

OSDI(debug) nn0: Warning: PDIBL2_i = -5.000000e-02 is negative.
OSDI(debug) nn0: Warning: PTWG_i = -1.185173e+01 is negative, setting it to 0.
OSDI(debug) np0: Warning: PDIBL2_i = -1.640818e-01 is negative.
OSDI(debug) np0: Warning: MEXP_i = 1.194201e+00 < 2. Setting MEXP_i = 2.
Using SPARSE 1.3 as Direct Linear Solver
OSDI(debug) nn0: Warning: PDIBL2_i = -5.000000e-02 is negative.
OSDI(debug) nn0: Warning: PTWG_i = -1.185173e+01 is negative, setting it to 0.
OSDI(debug) np0: Warning: PDIBL2_i = -1.640818e-01 is negative.
OSDI(debug) np0: Warning: MEXP_i = 1.194201e+00 < 2. Setting MEXP_i = 2.

Initial Transient Solution
--------------------------

Node                                   Voltage
----                                   -------
vdd                                        0.7
in                                           0
out                                        0.7
vin#branch                                   0
vdd#branch                        -6.82121e-12


No. of Data Rows : 432
vout_low_1          =  7.000000e-01
vout_high_1         =  7.005666e-06
vout_low_2          =  6.999928e-01
vout_high_2         =  7.005665e-06
ngspice-44+ done
